// Jest Snapshot v1, https://goo.gl/fbAQLP

exports[`Navbar renders correctly 1`] = `
<div>
  <nav
    class="navbar"
  >
    <div
      class="categories"
    >
      <button
        class="category active"
      >
        all
      </button>
      <button
        class="category"
      >
        clothes
      </button>
      <button
        class="category"
      >
        tech
      </button>
    </div>
    <div
      class="brand-logo"
    >
      <a
        href="/"
      >
        <img
          alt="logo-icon"
          src="/logo.png"
        />
      </a>
    </div>
    <div
      class="dropdowns"
    >
      <div
        class="currency-div"
      >
        <button
          class="currency-icon"
        >
          $
          <span
            class="currency-drop-icon"
          >
            ∧
          </span>
        </button>
        <ul
          class="currency-dropdown"
          hidden=""
        >
          <li>
            <button
              value="$"
            >
              $
               
              USD
            </button>
          </li>
          <li>
            <button
              value="£"
            >
              £
               
              GBP
            </button>
          </li>
          <li>
            <button
              value="A$"
            >
              A$
               
              AUD
            </button>
          </li>
          <li>
            <button
              value="¥"
            >
              ¥
               
              JPY
            </button>
          </li>
          <li>
            <button
              value="₽"
            >
              ₽
               
              RUB
            </button>
          </li>
        </ul>
      </div>
      <div
        class="cart-div"
      >
        <button
          class="cart-img"
        >
          <img
            alt="cart-img"
            src="/cart.png"
          />
        </button>
        <button
          class="cart-count"
        >
          2
        </button>
        <div
          class="cart-overlay"
          hidden=""
        >
          <p>
            <b>
              My Bag, 
            </b>
            0
             items
          </p>
          <div
            class="cart-total"
          >
            <p>
              Total
            </p>
            <p>
              0.00
            </p>
          </div>
          <div
            class="bag-checkout"
          >
            <div
              class="view-bag"
            >
              <a
                href="/cart"
              >
                <button>
                  View Bag
                </button>
              </a>
            </div>
            <div
              class="checkout"
            >
              <button>
                Check out
              </button>
            </div>
          </div>
        </div>
      </div>
    </div>
  </nav>
</div>
`;
